src/app/page.tsx(1,25): error TS2306: File 'C:/Users/Joao/Documents/controle-de-metas/src/components/LandingPage.tsx' is not a module.
src/components/PanoramaSection.tsx(12,34): error TS2306: File 'C:/Users/Joao/Documents/controle-de-metas/src/components/ui/typewriter-effect.tsx' is not a module.
src/components/PanoramaSection.tsx(421,42): error TS2304: Cannot find name 'mounted'.
